---
source: tests/requests/posts.rs
expression: "(post.status_code(), post.text())"
---
(
    200,
    "{\"id\":ID,\"title\":\"loco updated\",\"description\":\"loco post test description updated\",\"content\":\"loco post test updated\",\"created_at\":\"DATE\",\"updated_at\":\"DATE\",\"author\":\{\"id\":\"AUTHOR_ID\",\"name\":\"loco\"}}",
)
