---
source: tests/requests/posts.rs
expression: "(posts.status_code(), posts.text())"
---
(
    200,
    "[{\"id\":ID,\"title\":\"loco\",\"description\":\"loco post test description\",\"content\":\"loco post test\",\"created_at\":\"DATE\",\"updated_at\":\"DATE\",\"author\":\{\"id\":\"AUTHOR_ID\",\"name\":\"loco\"}}]",
)
