---
source: tests/requests/posts.rs
expression: "(add_post_request.status_code(), add_post_request.text())"
---
(
    200,
    "{\"id\":ID,\"title\":\"loco\",\"description\":\"loco post test description\",\"content\":\"loco post test\",\"created_at\":\"DATE\",\"updated_at\":\"DATE\",\"author\":\{\"id\":\"AUTHOR_ID\",\"name\":\"loco\"}}",
)
